// Jest Snapshot v1, https://goo.gl/fbAQLP

exports[`SearchMovieList should show activity indicator if loading 1`] = `
<ActivityIndicator
  animating={true}
  color="red"
  hidesWhenStopped={true}
  size="small"
  style={
    Object {
      "flex": 1,
    }
  }
/>
`;

exports[`SearchMovieList should show error if there is error 1`] = `
<View
  style={
    Object {
      "alignItems": "center",
      "flex": 1,
      "justifyContent": "center",
    }
  }
>
  <Text
    accessible={true}
    allowFontScaling={true}
    disabled={false}
    ellipsizeMode="tail"
  >
    Something went wrong
  </Text>
</View>
`;

exports[`SearchMovieList should show movieList 1`] = `
<RCTScrollView
  data={Array []}
  disableVirtualization={false}
  getItem={[Function]}
  getItemCount={[Function]}
  horizontal={false}
  initialNumToRender={10}
  keyExtractor={[Function]}
  maxToRenderPerBatch={10}
  numColumns={1}
  onContentSizeChange={[Function]}
  onEndReachedThreshold={2}
  onLayout={[Function]}
  onMomentumScrollEnd={[Function]}
  onScroll={[Function]}
  onScrollBeginDrag={[Function]}
  onScrollEndDrag={[Function]}
  onViewableItemsChanged={undefined}
  renderItem={[Function]}
  scrollEventThrottle={50}
  stickyHeaderIndices={Array []}
  style={
    Object {
      "flex": 1,
      "width": "100%",
    }
  }
  updateCellsBatchingPeriod={50}
  windowSize={21}
>
  <View />
</RCTScrollView>
`;
